MPLINK 5.09, LINKER
Linker Map File - Created Wed May 11 10:58:25 2022

                                 Section Info
                  Section       Type    Address   Location Size(Bytes)
                ---------  ---------  ---------  ---------  ---------
                   .org_0       code   0x000000    program   0x000012
                   .cinit    romdata   0x000009    program   0x000004



                              Program Memory Usage 
                               Start         End      
                           ---------   ---------      
                            0x000000    0x00000a      
            11 out of 8454 program addresses used, program memory utilization is 0%



                              Symbols - Sorted by Name
                     Name    Address   Location    Storage File                     
                ---------  ---------  ---------  --------- ---------                
             _.org_0_0008   0x000008    program     static C:\Users\Deepak Pendyala\OneDrive - Amrita Vishwa Vidyapeetham\Documents\MCA\mult.X\mul.asm
                     loop   0x000005    program     static C:\Users\Deepak Pendyala\OneDrive - Amrita Vishwa Vidyapeetham\Documents\MCA\mult.X\mul.asm
                     main   0x000001    program     static C:\Users\Deepak Pendyala\OneDrive - Amrita Vishwa Vidyapeetham\Documents\MCA\mult.X\mul.asm



                              Symbols - Sorted by Address
                     Name    Address   Location    Storage File                     
                ---------  ---------  ---------  --------- ---------                
                     main   0x000001    program     static C:\Users\Deepak Pendyala\OneDrive - Amrita Vishwa Vidyapeetham\Documents\MCA\mult.X\mul.asm
                     loop   0x000005    program     static C:\Users\Deepak Pendyala\OneDrive - Amrita Vishwa Vidyapeetham\Documents\MCA\mult.X\mul.asm
             _.org_0_0008   0x000008    program     static C:\Users\Deepak Pendyala\OneDrive - Amrita Vishwa Vidyapeetham\Documents\MCA\mult.X\mul.asm


