MPLINK 5.09, LINKER
Linker Map File - Created Fri May 27 01:26:54 2022

                                 Section Info
                  Section       Type    Address   Location Size(Bytes)
                ---------  ---------  ---------  ---------  ---------
                   .org_0       code   0x000000    program   0x00001c
                   .cinit    romdata   0x00000e    program   0x000004



                              Program Memory Usage 
                               Start         End      
                           ---------   ---------      
                            0x000000    0x00000f      
            16 out of 8454 program addresses used, program memory utilization is 0%



                              Symbols - Sorted by Name
                     Name    Address   Location    Storage File                     
                ---------  ---------  ---------  --------- ---------                
             _.org_0_000D   0x00000d    program     static C:\Users\Deepak Pendyala\OneDrive - Amrita Vishwa Vidyapeetham\Documents\MCA\div.X\division.asm
                     loop   0x000006    program     static C:\Users\Deepak Pendyala\OneDrive - Amrita Vishwa Vidyapeetham\Documents\MCA\div.X\division.asm
                     main   0x000001    program     static C:\Users\Deepak Pendyala\OneDrive - Amrita Vishwa Vidyapeetham\Documents\MCA\div.X\division.asm



                              Symbols - Sorted by Address
                     Name    Address   Location    Storage File                     
                ---------  ---------  ---------  --------- ---------                
                     main   0x000001    program     static C:\Users\Deepak Pendyala\OneDrive - Amrita Vishwa Vidyapeetham\Documents\MCA\div.X\division.asm
                     loop   0x000006    program     static C:\Users\Deepak Pendyala\OneDrive - Amrita Vishwa Vidyapeetham\Documents\MCA\div.X\division.asm
             _.org_0_000D   0x00000d    program     static C:\Users\Deepak Pendyala\OneDrive - Amrita Vishwa Vidyapeetham\Documents\MCA\div.X\division.asm


